mode: atomic
github.com/harmonikit/harmoni/auth/auth.go:31.80,32.78 1 3
github.com/harmonikit/harmoni/auth/auth.go:32.78,33.59 1 3
github.com/harmonikit/harmoni/auth/auth.go:33.59,35.18 2 3
github.com/harmonikit/harmoni/auth/auth.go:35.18,38.5 2 1
github.com/harmonikit/harmoni/auth/auth.go:39.4,39.29 1 2
github.com/harmonikit/harmoni/auth/context.go:8.61,10.2 1 5
github.com/harmonikit/harmoni/auth/context.go:14.47,16.14 2 7
github.com/harmonikit/harmoni/auth/context.go:16.14,18.3 1 2
github.com/harmonikit/harmoni/auth/context.go:19.2,19.16 1 5
github.com/harmonikit/harmoni/auth/context.go:23.53,25.2 1 1
github.com/harmonikit/harmoni/circuitbreaker/circuitbreaker.go:32.32,33.11 1 5
github.com/harmonikit/harmoni/circuitbreaker/circuitbreaker.go:34.19,35.18 1 2
github.com/harmonikit/harmoni/circuitbreaker/circuitbreaker.go:36.21,37.21 1 1
github.com/harmonikit/harmoni/circuitbreaker/circuitbreaker.go:38.17,39.16 1 1
github.com/harmonikit/harmoni/circuitbreaker/circuitbreaker.go:40.10,41.19 1 1
github.com/harmonikit/harmoni/circuitbreaker/nop.go:14.74,16.2 1 5
github.com/harmonikit/harmoni/circuitbreaker/nop.go:23.17,25.2 1 3
github.com/harmonikit/harmoni/circuitbreaker/nop.go:28.55,30.2 1 2
github.com/harmonikit/harmoni/endpoint/endpoint.go:18.109,19.60 1 4
github.com/harmonikit/harmoni/endpoint/endpoint.go:19.60,22.39 2 4
github.com/harmonikit/harmoni/endpoint/endpoint.go:22.39,24.4 1 3
github.com/harmonikit/harmoni/endpoint/endpoint.go:25.3,25.24 1 4
github.com/harmonikit/harmoni/endpoint/endpoint.go:31.47,32.58 1 5
github.com/harmonikit/harmoni/endpoint/endpoint.go:32.58,35.3 2 5
github.com/harmonikit/harmoni/log/log.go:24.32,25.11 1 5
github.com/harmonikit/harmoni/log/log.go:26.18,27.17 1 1
github.com/harmonikit/harmoni/log/log.go:28.17,29.16 1 1
github.com/harmonikit/harmoni/log/log.go:30.17,31.16 1 1
github.com/harmonikit/harmoni/log/log.go:32.18,33.17 1 1
github.com/harmonikit/harmoni/log/log.go:34.10,35.19 1 1
github.com/harmonikit/harmoni/log/nop_logger.go:7.28,9.2 1 4
github.com/harmonikit/harmoni/log/nop_logger.go:12.73,12.74 0 5
github.com/harmonikit/harmoni/log/nop_logger.go:15.55,17.2 1 3
github.com/harmonikit/harmoni/log/slog_logger.go:20.53,22.2 1 11
github.com/harmonikit/harmoni/log/slog_logger.go:25.73,27.2 1 10
github.com/harmonikit/harmoni/log/slog_logger.go:30.56,32.2 1 5
github.com/harmonikit/harmoni/log/slog_logger.go:35.38,36.11 1 10
github.com/harmonikit/harmoni/log/slog_logger.go:37.18,38.25 1 1
github.com/harmonikit/harmoni/log/slog_logger.go:39.17,40.24 1 7
github.com/harmonikit/harmoni/log/slog_logger.go:41.17,42.24 1 1
github.com/harmonikit/harmoni/log/slog_logger.go:43.18,44.25 1 1
github.com/harmonikit/harmoni/log/slog_logger.go:45.10,46.24 1 0
github.com/harmonikit/harmoni/metrics/nop.go:7.30,7.54 1 6
github.com/harmonikit/harmoni/metrics/nop.go:9.58,9.70 1 4
github.com/harmonikit/harmoni/metrics/nop.go:10.60,10.61 0 105
github.com/harmonikit/harmoni/metrics/nop.go:16.26,16.48 1 6
github.com/harmonikit/harmoni/metrics/nop.go:18.54,18.66 1 1
github.com/harmonikit/harmoni/metrics/nop.go:19.56,19.57 0 104
github.com/harmonikit/harmoni/metrics/nop.go:20.56,20.57 0 2
github.com/harmonikit/harmoni/metrics/nop.go:26.34,26.60 1 5
github.com/harmonikit/harmoni/metrics/nop.go:28.62,28.74 1 2
github.com/harmonikit/harmoni/metrics/nop.go:29.63,29.64 0 104
github.com/harmonikit/harmoni/middleware/middleware.go:25.77,26.78 1 5
github.com/harmonikit/harmoni/middleware/middleware.go:26.78,27.59 1 5
github.com/harmonikit/harmoni/middleware/middleware.go:27.59,29.36 1 5
github.com/harmonikit/harmoni/middleware/middleware.go:29.36,32.5 2 1
github.com/harmonikit/harmoni/middleware/middleware.go:33.4,35.25 3 4
github.com/harmonikit/harmoni/middleware/middleware.go:45.108,46.78 1 6
github.com/harmonikit/harmoni/middleware/middleware.go:46.78,47.68 1 6
github.com/harmonikit/harmoni/middleware/middleware.go:47.68,48.48 1 6
github.com/harmonikit/harmoni/middleware/middleware.go:48.48,50.25 1 13
github.com/harmonikit/harmoni/middleware/middleware.go:50.25,52.6 1 0
github.com/harmonikit/harmoni/middleware/middleware.go:54.5,55.19 2 13
github.com/harmonikit/harmoni/middleware/middleware.go:55.19,57.6 1 3
github.com/harmonikit/harmoni/middleware/middleware.go:60.5,60.22 1 10
github.com/harmonikit/harmoni/middleware/middleware.go:60.22,62.15 2 8
github.com/harmonikit/harmoni/middleware/middleware.go:62.15,63.14 1 8
github.com/harmonikit/harmoni/middleware/middleware.go:64.25,65.30 1 1
github.com/harmonikit/harmoni/middleware/middleware.go:66.28,66.28 0 7
github.com/harmonikit/harmoni/middleware/middleware.go:71.4,71.20 1 2
github.com/harmonikit/harmoni/middleware/middleware.go:79.63,80.78 1 7
github.com/harmonikit/harmoni/middleware/middleware.go:80.78,81.68 1 7
github.com/harmonikit/harmoni/middleware/middleware.go:81.68,82.17 1 7
github.com/harmonikit/harmoni/middleware/middleware.go:82.17,83.33 1 7
github.com/harmonikit/harmoni/middleware/middleware.go:83.33,86.6 2 5
github.com/harmonikit/harmoni/middleware/middleware.go:88.4,88.25 1 7
github.com/harmonikit/harmoni/middleware/middleware.go:95.22,98.2 2 5
github.com/harmonikit/harmoni/ratelimit/tokenbucket.go:21.63,28.2 1 9
github.com/harmonikit/harmoni/ratelimit/tokenbucket.go:32.37,42.26 7 141
github.com/harmonikit/harmoni/ratelimit/tokenbucket.go:42.26,44.3 1 18
github.com/harmonikit/harmoni/ratelimit/tokenbucket.go:46.2,46.20 1 141
github.com/harmonikit/harmoni/ratelimit/tokenbucket.go:46.20,49.3 2 136
github.com/harmonikit/harmoni/ratelimit/tokenbucket.go:50.2,50.14 1 5
github.com/harmonikit/harmoni/sd/fixed.go:12.61,14.2 1 9
github.com/harmonikit/harmoni/sd/fixed.go:17.74,21.2 3 7
github.com/harmonikit/harmoni/sd/fixed.go:24.54,26.2 1 1
github.com/harmonikit/harmoni/sd/fixed.go:29.56,31.2 1 2
github.com/harmonikit/harmoni/tracing/nop.go:9.23,9.24 0 1
github.com/harmonikit/harmoni/tracing/nop.go:12.45,12.46 0 1
github.com/harmonikit/harmoni/tracing/nop.go:18.58,20.2 1 6
github.com/harmonikit/harmoni/tracing/nop.go:23.114,25.2 1 5
github.com/harmonikit/harmoni/tracing/nop.go:28.91,28.92 0 4
